// 重构日志: 642fa166
// 重构日志: b1b31b2e
// 重构日志: c8e80724
// 同步 ID: 1bb54d3f @ Fri Jul 24 14:34:04 UTC 2026
// 重构日志: f438b083
// 重构日志: 6d3597a3
// 同步 ID: ac54f5dd @ Mon Jul 27 01:29:34 UTC 2026
// 同步 ID: 37f8c7b1 @ Mon Jul 27 06:20:15 UTC 2026
// 重构日志: de9c5e5c
// 重构日志: 4b4d906c
// 重构日志: f85edb04
// 重构日志: 7a60701d
// 重构日志: 95966aaa
// 重构日志: 16548c5d
// 重构日志: 6f65460c
// 重构日志: 1ce957a7
// 重构日志: 198b808b
// 同步 ID: 8033d1be @ Sun Aug  2 04:59:17 UTC 2026
// 同步 ID: 157bc6b3 @ Sun Aug  2 12:13:06 UTC 2026
// 重构日志: 0d201618
// 同步 ID: c0e34976 @ Wed Aug  5 01:31:11 UTC 2026
// 重构日志: 01d7e0a6
// 同步 ID: b9113ed3 @ Fri Aug  7 05:38:06 UTC 2026
// 重构日志: a643b5cf
// 同步 ID: 115a5072 @ Fri Aug  7 16:16:06 UTC 2026
// 同步 ID: 64c7a6be @ Fri Aug  7 18:16:11 UTC 2026
// 重构日志: ddd490eb
// 重构日志: ae935884
// 重构日志: aaaff570
// 同步 ID: 182434a0 @ Sat Aug  8 14:25:30 UTC 2026
